// Jest Snapshot v1, https://goo.gl/fbAQLP

exports[`it matches the snapshot 1`] = `
<DocumentFragment>
  <div
    class="BoxList"
  >
    <form>
      <label
        for="backgroundColor"
      >
        Background color
      </label>
      <input
        id="backgroundColor"
        name="backgroundColor"
        placeholder="Background Color"
        type="text"
        value=""
      />
      <label
        for="width"
      >
        Box width
      </label>
      <input
        id="width"
        name="width"
        placeholder="Box width"
        type="text"
        value=""
      />
      <label
        for="height"
      >
        Box height
      </label>
      <input
        id="height"
        name="height"
        placeholder="Box height"
        type="text"
        value=""
      />
      <button>
        Add Box
      </button>
    </form>
    <div>
      <div
        style="background-color: blue; width: 100px; height: 100px;"
      />
      <button>
        X
      </button>
    </div>
    <div>
      <div
        style="background-color: red; width: 100px; height: 100px;"
      />
      <button>
        X
      </button>
    </div>
  </div>
</DocumentFragment>
`;
